2026-10-02 09:20:30.595 [main] INFO  Freerouting v1.9.0 (build-date: 2023-10-30)
2026-10-02 09:20:30.661 [main] ERROR null
java.awt.HeadlessException: null
	at sun.awt.HeadlessToolkit.getScreenSize(HeadlessToolkit.java:186) ~[?:?]
	at app.freerouting.gui.MainApplication.main(MainApplication.java:269) ~[freerouting.jar:unspecified]
2026-10-02 09:20:30.675 [main] ERROR Exception in FRAnalytics.trackAnonymousAction: Cannot invoke "app.freerouting.management.SegmentClient.track(String, String, String, app.freerouting.management.segment.Properties)" because "app.freerouting.management.FRAnalytics.analytics" is null
java.lang.NullPointerException: Cannot invoke "app.freerouting.management.SegmentClient.track(String, String, String, app.freerouting.management.segment.Properties)" because "app.freerouting.management.FRAnalytics.analytics" is null
	at app.freerouting.management.FRAnalytics.trackAnonymousAction(FRAnalytics.java:139) [freerouting.jar:unspecified]
	at app.freerouting.management.FRAnalytics.exceptionThrown(FRAnalytics.java:323) [freerouting.jar:unspecified]
	at app.freerouting.gui.DefaultExceptionHandler.handleException(DefaultExceptionHandler.java:15) [freerouting.jar:unspecified]
	at app.freerouting.gui.DefaultExceptionHandler.uncaughtException(DefaultExceptionHandler.java:29) [freerouting.jar:unspecified]
	at java.lang.ThreadGroup.uncaughtException(ThreadGroup.java:695) [?:?]
	at java.lang.ThreadGroup.uncaughtException(ThreadGroup.java:690) [?:?]
	at java.lang.Thread.dispatchUncaughtException(Thread.java:2902) [?:?]
2026-10-02 09:20:45.179 [main] INFO  Freerouting v1.9.0 (build-date: 2023-10-30)
2026-10-02 09:20:45.248 [main] INFO  Settings were loaded from freerouting.json
2026-10-02 09:20:46.346 [main] INFO  Opening 'lcd_board.dsn'...
2026-10-02 09:20:51.681 [Thread-21] INFO  Starting auto-routing...
2026-10-02 09:24:57.255 [Thread-21] INFO  Auto-routing was completed in 4 minute(s) 5.57 seconds.
2026-10-02 09:24:57.357 [Thread-21] INFO  Starting route optimization on 1 thread...
2026-10-02 09:25:32.494 [Thread-21] INFO  Route optimization was completed in 35.14 seconds.
2026-10-02 09:25:32.520 [Thread-21] INFO  Saving 'lcd_board.ses'...
2026-10-02 09:27:53.208 [main] INFO  Freerouting v1.9.0 (build-date: 2023-10-30)
2026-10-02 09:27:53.260 [main] INFO  Settings were loaded from freerouting.json
2026-10-02 09:27:54.281 [main] INFO  Opening 'lcd_board.dsn'...
2026-10-02 09:28:15.814 [Thread-22] INFO  Starting auto-routing...
2026-10-02 09:33:55.010 [Thread-22] INFO  Auto-routing was completed in 5 minute(s) 39.19 seconds.
2026-10-02 09:33:55.112 [Thread-22] INFO  Starting route optimization on 1 thread...
2026-10-02 09:34:27.724 [Thread-22] INFO  Route optimization was completed in 32.61 seconds.
2026-10-02 09:34:27.749 [Thread-22] INFO  Saving 'lcd_board.ses'...
2026-10-02 09:36:46.339 [main] INFO  Freerouting v1.9.0 (build-date: 2023-10-30)
2026-10-02 09:36:46.397 [main] INFO  Settings were loaded from freerouting.json
2026-10-02 09:36:47.430 [main] INFO  Opening 'lcd_board.dsn'...
2026-10-02 09:37:08.992 [Thread-22] INFO  Starting auto-routing...
2026-10-02 09:37:09.229 [Thread-22] WARN  FloatLine: Parameter is null
2026-10-02 09:40:40.447 [Thread-22] INFO  Auto-routing was completed in 3 minute(s) 31.45 seconds.
2026-10-02 09:40:40.548 [Thread-22] INFO  Starting route optimization on 1 thread...
2026-10-02 10:09:40.160 [main] INFO  Freerouting v1.9.0 (build-date: 2023-10-30)
2026-10-02 10:09:40.234 [main] INFO  Settings were loaded from freerouting.json
2026-10-02 10:09:41.264 [main] INFO  Opening 'lcd_board.dsn'...
2026-10-02 10:10:03.054 [Thread-22] INFO  Starting auto-routing...
2026-10-02 10:10:03.347 [Thread-22] WARN  FloatLine: Parameter is null
2026-10-02 10:13:55.861 [Thread-22] INFO  Auto-routing was completed in 3 minute(s) 52.81 seconds.
2026-10-02 10:13:55.963 [Thread-22] INFO  Starting route optimization on 1 thread...
